{
  "filters_used": [
    {
      "path": "detect_secrets.filters.allowlist.is_line_allowlisted"
    },
    {
      "min_level": 2,
      "path": "detect_secrets.filters.common.is_ignored_due_to_verification_policies"
    },
    {
      "path": "detect_secrets.filters.heuristic.is_indirect_reference"
    },
    {
      "path": "detect_secrets.filters.heuristic.is_likely_id_string"
    },
    {
      "path": "detect_secrets.filters.heuristic.is_lock_file"
    },
    {
      "path": "detect_secrets.filters.heuristic.is_not_alphanumeric_string"
    },
    {
      "path": "detect_secrets.filters.heuristic.is_potential_uuid"
    },
    {
      "path": "detect_secrets.filters.heuristic.is_prefixed_with_dollar_sign"
    },
    {
      "path": "detect_secrets.filters.heuristic.is_sequential_string"
    },
    {
      "path": "detect_secrets.filters.heuristic.is_swagger_file"
    },
    {
      "path": "detect_secrets.filters.heuristic.is_templated_secret"
    }
  ],
  "generated_at": "2025-09-12T15:49:40Z",
  "plugins_used": [
    {
      "name": "ArtifactoryDetector"
    },
    {
      "name": "AWSKeyDetector"
    },
    {
      "name": "AzureStorageKeyDetector"
    },
    {
      "limit": 4.5,
      "name": "Base64HighEntropyString"
    },
    {
      "name": "BasicAuthDetector"
    },
    {
      "name": "CloudantDetector"
    },
    {
      "name": "DiscordBotTokenDetector"
    },
    {
      "name": "GitHubTokenDetector"
    },
    {
      "name": "GitLabTokenDetector"
    },
    {
      "limit": 3.0,
      "name": "HexHighEntropyString"
    },
    {
      "name": "IbmCloudIamDetector"
    },
    {
      "name": "IbmCosHmacDetector"
    },
    {
      "name": "IPPublicDetector"
    },
    {
      "name": "JwtTokenDetector"
    },
    {
      "keyword_exclude": "",
      "name": "KeywordDetector"
    },
    {
      "name": "MailchimpDetector"
    },
    {
      "name": "NpmDetector"
    },
    {
      "name": "OpenAIDetector"
    },
    {
      "name": "PrivateKeyDetector"
    },
    {
      "name": "PypiTokenDetector"
    },
    {
      "name": "SendGridDetector"
    },
    {
      "name": "SlackDetector"
    },
    {
      "name": "SoftlayerDetector"
    },
    {
      "name": "SquareOAuthDetector"
    },
    {
      "name": "StripeDetector"
    },
    {
      "name": "TelegramBotTokenDetector"
    },
    {
      "name": "TwilioKeyDetector"
    }
  ],
  "results": {
    "algoresearch/settings/dev.py": [
      {
        "filename": "algoresearch/settings/dev.py",
        "hashed_secret": "dd5ae090ab27e6a48c6586eb280f103a0197bfb8",
        "is_verified": false,
        "line_number": 109,
        "type": "Secret Keyword"
      }
    ],
    "dashboard/templates/base/base_dashboard.html": [
      {
        "filename": "dashboard/templates/base/base_dashboard.html",
        "hashed_secret": "0a2d55442206e4c6021ab8398a0813b1c813547d",
        "is_verified": false,
        "line_number": 26,
        "type": "Base64 High Entropy String"
      },
      {
        "filename": "dashboard/templates/base/base_dashboard.html",
        "hashed_secret": "72abfa896777bfb50aca34236f76d0db4ff3824a",
        "is_verified": false,
        "line_number": 27,
        "type": "Base64 High Entropy String"
      }
    ],
    "dashboard/templates/it_admin/it_admin_base_dashboard.html": [
      {
        "filename": "dashboard/templates/it_admin/it_admin_base_dashboard.html",
        "hashed_secret": "0a2d55442206e4c6021ab8398a0813b1c813547d",
        "is_verified": false,
        "line_number": 27,
        "type": "Base64 High Entropy String"
      },
      {
        "filename": "dashboard/templates/it_admin/it_admin_base_dashboard.html",
        "hashed_secret": "72abfa896777bfb50aca34236f76d0db4ff3824a",
        "is_verified": false,
        "line_number": 28,
        "type": "Base64 High Entropy String"
      }
    ],
    "dashboard/templates/org_it_admin/org_it_admin_base_dashboard.html": [
      {
        "filename": "dashboard/templates/org_it_admin/org_it_admin_base_dashboard.html",
        "hashed_secret": "0a2d55442206e4c6021ab8398a0813b1c813547d",
        "is_verified": false,
        "line_number": 23,
        "type": "Base64 High Entropy String"
      },
      {
        "filename": "dashboard/templates/org_it_admin/org_it_admin_base_dashboard.html",
        "hashed_secret": "72abfa896777bfb50aca34236f76d0db4ff3824a",
        "is_verified": false,
        "line_number": 24,
        "type": "Base64 High Entropy String"
      }
    ],
    "dashboard/views/funds/rr_budget_views.py": [
      {
        "filename": "dashboard/views/funds/rr_budget_views.py",
        "hashed_secret": "1b31c8ccb5e32790aca2f9801c4d93e5ff334ff9",
        "is_verified": false,
        "line_number": 199,
        "type": "Secret Keyword"
      }
    ],
    "scripts/backfill_encryption.py": [
      {
        "filename": "scripts/backfill_encryption.py",
        "hashed_secret": "a14a5e4217f1b9b2e00693325437fa5d87606c70",
        "is_verified": false,
        "line_number": 16,
        "type": "Secret Keyword"
      }
    ],
    "static/node_modules/.package-lock.json": [
      {
        "filename": "static/node_modules/.package-lock.json",
        "hashed_secret": "a464d0db7ffbe2951ee7dad0d733816b95079b27",
        "is_verified": false,
        "line_number": 10,
        "type": "Base64 High Entropy String"
      }
    ]
  },
  "version": "1.5.0"
}
