[WARNING] py.warnings: /Users/ryancarmody/algoResearchs/.venv/lib/python3.11/site-packages/requests/__init__.py:102: RequestsDependencyWarning: urllib3 (1.26.13) or chardet (5.2.0)/charset_normalizer (2.0.12) doesn't match a supported version!
  warnings.warn("urllib3 ({}) or chardet ({})/charset_normalizer ({}) doesn't match a supported "

Traceback (most recent call last):
  File "/Users/ryancarmody/algoResearchs/manage.py", line 22, in <module>
    main()
  File "/Users/ryancarmody/algoResearchs/manage.py", line 18, in main
    execute_from_command_line(sys.argv)
  File "/Users/ryancarmody/algoResearchs/.venv/lib/python3.11/site-packages/django/core/management/__init__.py", line 442, in execute_from_command_line
    utility.execute()
  File "/Users/ryancarmody/algoResearchs/.venv/lib/python3.11/site-packages/django/core/management/__init__.py", line 436, in execute
    self.fetch_command(subcommand).run_from_argv(self.argv)
    ^^^^^^^^^^^^^^^^^^^^^^^^^^^^^^
  File "/Users/ryancarmody/algoResearchs/.venv/lib/python3.11/site-packages/django/core/management/__init__.py", line 275, in fetch_command
    klass = load_command_class(app_name, subcommand)
            ^^^^^^^^^^^^^^^^^^^^^^^^^^^^^^^^^^^^^^^^
  File "/Users/ryancarmody/algoResearchs/.venv/lib/python3.11/site-packages/django/core/management/__init__.py", line 48, in load_command_class
    module = import_module("%s.management.commands.%s" % (app_name, name))
             ^^^^^^^^^^^^^^^^^^^^^^^^^^^^^^^^^^^^^^^^^^^^^^^^^^^^^^^^^^^^^
  File "/Library/Frameworks/Python.framework/Versions/3.11/lib/python3.11/importlib/__init__.py", line 126, in import_module
    return _bootstrap._gcd_import(name[level:], package, level)
           ^^^^^^^^^^^^^^^^^^^^^^^^^^^^^^^^^^^^^^^^^^^^^^^^^^^^
  File "<frozen importlib._bootstrap>", line 1204, in _gcd_import
  File "<frozen importlib._bootstrap>", line 1176, in _find_and_load
  File "<frozen importlib._bootstrap>", line 1147, in _find_and_load_unlocked
  File "<frozen importlib._bootstrap>", line 690, in _load_unlocked
  File "<frozen importlib._bootstrap_external>", line 940, in exec_module
  File "<frozen importlib._bootstrap>", line 241, in _call_with_frames_removed
  File "/Users/ryancarmody/algoResearchs/dashboard/management/commands/grants_daily_sync.py", line 10, in <module>
    from bs4 import BeautifulSoup
ModuleNotFoundError: No module named 'bs4'
[WARNING] py.warnings: /Users/ryancarmody/algoResearchs/.venv/lib/python3.11/site-packages/requests/__init__.py:102: RequestsDependencyWarning: urllib3 (1.26.13) or chardet (5.2.0)/charset_normalizer (2.0.12) doesn't match a supported version!
  warnings.warn("urllib3 ({}) or chardet ({})/charset_normalizer ({}) doesn't match a supported "

Traceback (most recent call last):
  File "/Users/ryancarmody/algoResearchs/manage.py", line 22, in <module>
    main()
  File "/Users/ryancarmody/algoResearchs/manage.py", line 18, in main
    execute_from_command_line(sys.argv)
  File "/Users/ryancarmody/algoResearchs/.venv/lib/python3.11/site-packages/django/core/management/__init__.py", line 442, in execute_from_command_line
    utility.execute()
  File "/Users/ryancarmody/algoResearchs/.venv/lib/python3.11/site-packages/django/core/management/__init__.py", line 436, in execute
    self.fetch_command(subcommand).run_from_argv(self.argv)
    ^^^^^^^^^^^^^^^^^^^^^^^^^^^^^^
  File "/Users/ryancarmody/algoResearchs/.venv/lib/python3.11/site-packages/django/core/management/__init__.py", line 275, in fetch_command
    klass = load_command_class(app_name, subcommand)
            ^^^^^^^^^^^^^^^^^^^^^^^^^^^^^^^^^^^^^^^^
  File "/Users/ryancarmody/algoResearchs/.venv/lib/python3.11/site-packages/django/core/management/__init__.py", line 48, in load_command_class
    module = import_module("%s.management.commands.%s" % (app_name, name))
             ^^^^^^^^^^^^^^^^^^^^^^^^^^^^^^^^^^^^^^^^^^^^^^^^^^^^^^^^^^^^^
  File "/Library/Frameworks/Python.framework/Versions/3.11/lib/python3.11/importlib/__init__.py", line 126, in import_module
    return _bootstrap._gcd_import(name[level:], package, level)
           ^^^^^^^^^^^^^^^^^^^^^^^^^^^^^^^^^^^^^^^^^^^^^^^^^^^^
  File "<frozen importlib._bootstrap>", line 1204, in _gcd_import
  File "<frozen importlib._bootstrap>", line 1176, in _find_and_load
  File "<frozen importlib._bootstrap>", line 1147, in _find_and_load_unlocked
  File "<frozen importlib._bootstrap>", line 690, in _load_unlocked
  File "<frozen importlib._bootstrap_external>", line 940, in exec_module
  File "<frozen importlib._bootstrap>", line 241, in _call_with_frames_removed
  File "/Users/ryancarmody/algoResearchs/dashboard/management/commands/grants_daily_sync.py", line 10, in <module>
    from bs4 import BeautifulSoup
ModuleNotFoundError: No module named 'bs4'
[WARNING] py.warnings: /Users/ryancarmody/algoResearchs/.venv/lib/python3.11/site-packages/requests/__init__.py:102: RequestsDependencyWarning: urllib3 (1.26.13) or chardet (5.2.0)/charset_normalizer (2.0.12) doesn't match a supported version!
  warnings.warn("urllib3 ({}) or chardet ({})/charset_normalizer ({}) doesn't match a supported "

Traceback (most recent call last):
  File "/Users/ryancarmody/algoResearchs/manage.py", line 22, in <module>
    main()
  File "/Users/ryancarmody/algoResearchs/manage.py", line 18, in main
    execute_from_command_line(sys.argv)
  File "/Users/ryancarmody/algoResearchs/.venv/lib/python3.11/site-packages/django/core/management/__init__.py", line 442, in execute_from_command_line
    utility.execute()
  File "/Users/ryancarmody/algoResearchs/.venv/lib/python3.11/site-packages/django/core/management/__init__.py", line 436, in execute
    self.fetch_command(subcommand).run_from_argv(self.argv)
    ^^^^^^^^^^^^^^^^^^^^^^^^^^^^^^
  File "/Users/ryancarmody/algoResearchs/.venv/lib/python3.11/site-packages/django/core/management/__init__.py", line 275, in fetch_command
    klass = load_command_class(app_name, subcommand)
            ^^^^^^^^^^^^^^^^^^^^^^^^^^^^^^^^^^^^^^^^
  File "/Users/ryancarmody/algoResearchs/.venv/lib/python3.11/site-packages/django/core/management/__init__.py", line 48, in load_command_class
    module = import_module("%s.management.commands.%s" % (app_name, name))
             ^^^^^^^^^^^^^^^^^^^^^^^^^^^^^^^^^^^^^^^^^^^^^^^^^^^^^^^^^^^^^
  File "/Library/Frameworks/Python.framework/Versions/3.11/lib/python3.11/importlib/__init__.py", line 126, in import_module
    return _bootstrap._gcd_import(name[level:], package, level)
           ^^^^^^^^^^^^^^^^^^^^^^^^^^^^^^^^^^^^^^^^^^^^^^^^^^^^
  File "<frozen importlib._bootstrap>", line 1204, in _gcd_import
  File "<frozen importlib._bootstrap>", line 1176, in _find_and_load
  File "<frozen importlib._bootstrap>", line 1147, in _find_and_load_unlocked
  File "<frozen importlib._bootstrap>", line 690, in _load_unlocked
  File "<frozen importlib._bootstrap_external>", line 940, in exec_module
  File "<frozen importlib._bootstrap>", line 241, in _call_with_frames_removed
  File "/Users/ryancarmody/algoResearchs/dashboard/management/commands/grants_daily_sync.py", line 10, in <module>
    from bs4 import BeautifulSoup
ModuleNotFoundError: No module named 'bs4'
[WARNING] py.warnings: /Users/ryancarmody/algoResearchs/.venv/lib/python3.11/site-packages/requests/__init__.py:102: RequestsDependencyWarning: urllib3 (1.26.13) or chardet (5.2.0)/charset_normalizer (2.0.12) doesn't match a supported version!
  warnings.warn("urllib3 ({}) or chardet ({})/charset_normalizer ({}) doesn't match a supported "

Traceback (most recent call last):
  File "/Users/ryancarmody/algoResearchs/manage.py", line 22, in <module>
    main()
  File "/Users/ryancarmody/algoResearchs/manage.py", line 18, in main
    execute_from_command_line(sys.argv)
  File "/Users/ryancarmody/algoResearchs/.venv/lib/python3.11/site-packages/django/core/management/__init__.py", line 442, in execute_from_command_line
    utility.execute()
  File "/Users/ryancarmody/algoResearchs/.venv/lib/python3.11/site-packages/django/core/management/__init__.py", line 436, in execute
    self.fetch_command(subcommand).run_from_argv(self.argv)
    ^^^^^^^^^^^^^^^^^^^^^^^^^^^^^^
  File "/Users/ryancarmody/algoResearchs/.venv/lib/python3.11/site-packages/django/core/management/__init__.py", line 275, in fetch_command
    klass = load_command_class(app_name, subcommand)
            ^^^^^^^^^^^^^^^^^^^^^^^^^^^^^^^^^^^^^^^^
  File "/Users/ryancarmody/algoResearchs/.venv/lib/python3.11/site-packages/django/core/management/__init__.py", line 48, in load_command_class
    module = import_module("%s.management.commands.%s" % (app_name, name))
             ^^^^^^^^^^^^^^^^^^^^^^^^^^^^^^^^^^^^^^^^^^^^^^^^^^^^^^^^^^^^^
  File "/Library/Frameworks/Python.framework/Versions/3.11/lib/python3.11/importlib/__init__.py", line 126, in import_module
    return _bootstrap._gcd_import(name[level:], package, level)
           ^^^^^^^^^^^^^^^^^^^^^^^^^^^^^^^^^^^^^^^^^^^^^^^^^^^^
  File "<frozen importlib._bootstrap>", line 1204, in _gcd_import
  File "<frozen importlib._bootstrap>", line 1176, in _find_and_load
  File "<frozen importlib._bootstrap>", line 1147, in _find_and_load_unlocked
  File "<frozen importlib._bootstrap>", line 690, in _load_unlocked
  File "<frozen importlib._bootstrap_external>", line 940, in exec_module
  File "<frozen importlib._bootstrap>", line 241, in _call_with_frames_removed
  File "/Users/ryancarmody/algoResearchs/dashboard/management/commands/grants_daily_sync.py", line 10, in <module>
    from bs4 import BeautifulSoup
ModuleNotFoundError: No module named 'bs4'
[WARNING] py.warnings: /Users/ryancarmody/algoResearchs/.venv/lib/python3.11/site-packages/requests/__init__.py:102: RequestsDependencyWarning: urllib3 (1.26.13) or chardet (5.2.0)/charset_normalizer (2.0.12) doesn't match a supported version!
  warnings.warn("urllib3 ({}) or chardet ({})/charset_normalizer ({}) doesn't match a supported "

Traceback (most recent call last):
  File "/Users/ryancarmody/algoResearchs/manage.py", line 22, in <module>
    main()
  File "/Users/ryancarmody/algoResearchs/manage.py", line 18, in main
    execute_from_command_line(sys.argv)
  File "/Users/ryancarmody/algoResearchs/.venv/lib/python3.11/site-packages/django/core/management/__init__.py", line 442, in execute_from_command_line
    utility.execute()
  File "/Users/ryancarmody/algoResearchs/.venv/lib/python3.11/site-packages/django/core/management/__init__.py", line 436, in execute
    self.fetch_command(subcommand).run_from_argv(self.argv)
    ^^^^^^^^^^^^^^^^^^^^^^^^^^^^^^
  File "/Users/ryancarmody/algoResearchs/.venv/lib/python3.11/site-packages/django/core/management/__init__.py", line 275, in fetch_command
    klass = load_command_class(app_name, subcommand)
            ^^^^^^^^^^^^^^^^^^^^^^^^^^^^^^^^^^^^^^^^
  File "/Users/ryancarmody/algoResearchs/.venv/lib/python3.11/site-packages/django/core/management/__init__.py", line 48, in load_command_class
    module = import_module("%s.management.commands.%s" % (app_name, name))
             ^^^^^^^^^^^^^^^^^^^^^^^^^^^^^^^^^^^^^^^^^^^^^^^^^^^^^^^^^^^^^
  File "/Library/Frameworks/Python.framework/Versions/3.11/lib/python3.11/importlib/__init__.py", line 126, in import_module
    return _bootstrap._gcd_import(name[level:], package, level)
           ^^^^^^^^^^^^^^^^^^^^^^^^^^^^^^^^^^^^^^^^^^^^^^^^^^^^
  File "<frozen importlib._bootstrap>", line 1204, in _gcd_import
  File "<frozen importlib._bootstrap>", line 1176, in _find_and_load
  File "<frozen importlib._bootstrap>", line 1147, in _find_and_load_unlocked
  File "<frozen importlib._bootstrap>", line 690, in _load_unlocked
  File "<frozen importlib._bootstrap_external>", line 940, in exec_module
  File "<frozen importlib._bootstrap>", line 241, in _call_with_frames_removed
  File "/Users/ryancarmody/algoResearchs/dashboard/management/commands/grants_daily_sync.py", line 10, in <module>
    from bs4 import BeautifulSoup
ModuleNotFoundError: No module named 'bs4'
Write you secret message here
[WARNING] py.warnings: /Users/ryancarmody/algoResearchs/.venv/lib/python3.11/site-packages/requests/__init__.py:102: RequestsDependencyWarning: urllib3 (1.26.13) or chardet (5.2.0)/charset_normalizer (2.0.12) doesn't match a supported version!
  warnings.warn("urllib3 ({}) or chardet ({})/charset_normalizer ({}) doesn't match a supported "

Traceback (most recent call last):
  File "/Users/ryancarmody/algoResearchs/manage.py", line 22, in <module>
    main()
  File "/Users/ryancarmody/algoResearchs/manage.py", line 18, in main
    execute_from_command_line(sys.argv)
  File "/Users/ryancarmody/algoResearchs/.venv/lib/python3.11/site-packages/django/core/management/__init__.py", line 442, in execute_from_command_line
    utility.execute()
  File "/Users/ryancarmody/algoResearchs/.venv/lib/python3.11/site-packages/django/core/management/__init__.py", line 436, in execute
    self.fetch_command(subcommand).run_from_argv(self.argv)
    ^^^^^^^^^^^^^^^^^^^^^^^^^^^^^^
  File "/Users/ryancarmody/algoResearchs/.venv/lib/python3.11/site-packages/django/core/management/__init__.py", line 275, in fetch_command
    klass = load_command_class(app_name, subcommand)
            ^^^^^^^^^^^^^^^^^^^^^^^^^^^^^^^^^^^^^^^^
  File "/Users/ryancarmody/algoResearchs/.venv/lib/python3.11/site-packages/django/core/management/__init__.py", line 48, in load_command_class
    module = import_module("%s.management.commands.%s" % (app_name, name))
             ^^^^^^^^^^^^^^^^^^^^^^^^^^^^^^^^^^^^^^^^^^^^^^^^^^^^^^^^^^^^^
  File "/Library/Frameworks/Python.framework/Versions/3.11/lib/python3.11/importlib/__init__.py", line 126, in import_module
    return _bootstrap._gcd_import(name[level:], package, level)
           ^^^^^^^^^^^^^^^^^^^^^^^^^^^^^^^^^^^^^^^^^^^^^^^^^^^^
  File "<frozen importlib._bootstrap>", line 1204, in _gcd_import
  File "<frozen importlib._bootstrap>", line 1176, in _find_and_load
  File "<frozen importlib._bootstrap>", line 1147, in _find_and_load_unlocked
  File "<frozen importlib._bootstrap>", line 690, in _load_unlocked
  File "<frozen importlib._bootstrap_external>", line 940, in exec_module
  File "<frozen importlib._bootstrap>", line 241, in _call_with_frames_removed
  File "/Users/ryancarmody/algoResearchs/dashboard/management/commands/grants_daily_sync.py", line 10, in <module>
    from bs4 import BeautifulSoup
ModuleNotFoundError: No module named 'bs4'
Write you secret message here
[WARNING] py.warnings: /Users/ryancarmody/algoResearchs/.venv/lib/python3.11/site-packages/requests/__init__.py:102: RequestsDependencyWarning: urllib3 (1.26.13) or chardet (5.2.0)/charset_normalizer (2.0.12) doesn't match a supported version!
  warnings.warn("urllib3 ({}) or chardet ({})/charset_normalizer ({}) doesn't match a supported "

Traceback (most recent call last):
  File "/Users/ryancarmody/algoResearchs/manage.py", line 22, in <module>
    main()
  File "/Users/ryancarmody/algoResearchs/manage.py", line 18, in main
    execute_from_command_line(sys.argv)
  File "/Users/ryancarmody/algoResearchs/.venv/lib/python3.11/site-packages/django/core/management/__init__.py", line 442, in execute_from_command_line
    utility.execute()
  File "/Users/ryancarmody/algoResearchs/.venv/lib/python3.11/site-packages/django/core/management/__init__.py", line 436, in execute
    self.fetch_command(subcommand).run_from_argv(self.argv)
    ^^^^^^^^^^^^^^^^^^^^^^^^^^^^^^
  File "/Users/ryancarmody/algoResearchs/.venv/lib/python3.11/site-packages/django/core/management/__init__.py", line 275, in fetch_command
    klass = load_command_class(app_name, subcommand)
            ^^^^^^^^^^^^^^^^^^^^^^^^^^^^^^^^^^^^^^^^
  File "/Users/ryancarmody/algoResearchs/.venv/lib/python3.11/site-packages/django/core/management/__init__.py", line 48, in load_command_class
    module = import_module("%s.management.commands.%s" % (app_name, name))
             ^^^^^^^^^^^^^^^^^^^^^^^^^^^^^^^^^^^^^^^^^^^^^^^^^^^^^^^^^^^^^
  File "/Library/Frameworks/Python.framework/Versions/3.11/lib/python3.11/importlib/__init__.py", line 126, in import_module
    return _bootstrap._gcd_import(name[level:], package, level)
           ^^^^^^^^^^^^^^^^^^^^^^^^^^^^^^^^^^^^^^^^^^^^^^^^^^^^
  File "<frozen importlib._bootstrap>", line 1204, in _gcd_import
  File "<frozen importlib._bootstrap>", line 1176, in _find_and_load
  File "<frozen importlib._bootstrap>", line 1147, in _find_and_load_unlocked
  File "<frozen importlib._bootstrap>", line 690, in _load_unlocked
  File "<frozen importlib._bootstrap_external>", line 940, in exec_module
  File "<frozen importlib._bootstrap>", line 241, in _call_with_frames_removed
  File "/Users/ryancarmody/algoResearchs/dashboard/management/commands/grants_daily_sync.py", line 10, in <module>
    from bs4 import BeautifulSoup
ModuleNotFoundError: No module named 'bs4'
Write you secret message here
Traceback (most recent call last):
  File "/Users/ryancarmody/algoResearchs/manage.py", line 22, in <module>
    main()
  File "/Users/ryancarmody/algoResearchs/manage.py", line 18, in main
    execute_from_command_line(sys.argv)
  File "/Users/ryancarmody/algoResearchs/.venv/lib/python3.11/site-packages/django/core/management/__init__.py", line 442, in execute_from_command_line
    utility.execute()
  File "/Users/ryancarmody/algoResearchs/.venv/lib/python3.11/site-packages/django/core/management/__init__.py", line 436, in execute
    self.fetch_command(subcommand).run_from_argv(self.argv)
    ^^^^^^^^^^^^^^^^^^^^^^^^^^^^^^
  File "/Users/ryancarmody/algoResearchs/.venv/lib/python3.11/site-packages/django/core/management/__init__.py", line 275, in fetch_command
    klass = load_command_class(app_name, subcommand)
            ^^^^^^^^^^^^^^^^^^^^^^^^^^^^^^^^^^^^^^^^
  File "/Users/ryancarmody/algoResearchs/.venv/lib/python3.11/site-packages/django/core/management/__init__.py", line 48, in load_command_class
    module = import_module("%s.management.commands.%s" % (app_name, name))
             ^^^^^^^^^^^^^^^^^^^^^^^^^^^^^^^^^^^^^^^^^^^^^^^^^^^^^^^^^^^^^
  File "/Library/Frameworks/Python.framework/Versions/3.11/lib/python3.11/importlib/__init__.py", line 126, in import_module
    return _bootstrap._gcd_import(name[level:], package, level)
           ^^^^^^^^^^^^^^^^^^^^^^^^^^^^^^^^^^^^^^^^^^^^^^^^^^^^
  File "<frozen importlib._bootstrap>", line 1204, in _gcd_import
  File "<frozen importlib._bootstrap>", line 1176, in _find_and_load
  File "<frozen importlib._bootstrap>", line 1147, in _find_and_load_unlocked
  File "<frozen importlib._bootstrap>", line 690, in _load_unlocked
  File "<frozen importlib._bootstrap_external>", line 940, in exec_module
  File "<frozen importlib._bootstrap>", line 241, in _call_with_frames_removed
  File "/Users/ryancarmody/algoResearchs/dashboard/management/commands/grants_daily_sync.py", line 10, in <module>
    from bs4 import BeautifulSoup
ModuleNotFoundError: No module named 'bs4'
Write you secret message here
Traceback (most recent call last):
  File "/Users/ryancarmody/algoResearchs/manage.py", line 22, in <module>
    main()
  File "/Users/ryancarmody/algoResearchs/manage.py", line 18, in main
    execute_from_command_line(sys.argv)
  File "/Users/ryancarmody/algoResearchs/.venv/lib/python3.11/site-packages/django/core/management/__init__.py", line 442, in execute_from_command_line
    utility.execute()
  File "/Users/ryancarmody/algoResearchs/.venv/lib/python3.11/site-packages/django/core/management/__init__.py", line 436, in execute
    self.fetch_command(subcommand).run_from_argv(self.argv)
    ^^^^^^^^^^^^^^^^^^^^^^^^^^^^^^
  File "/Users/ryancarmody/algoResearchs/.venv/lib/python3.11/site-packages/django/core/management/__init__.py", line 275, in fetch_command
    klass = load_command_class(app_name, subcommand)
            ^^^^^^^^^^^^^^^^^^^^^^^^^^^^^^^^^^^^^^^^
  File "/Users/ryancarmody/algoResearchs/.venv/lib/python3.11/site-packages/django/core/management/__init__.py", line 48, in load_command_class
    module = import_module("%s.management.commands.%s" % (app_name, name))
             ^^^^^^^^^^^^^^^^^^^^^^^^^^^^^^^^^^^^^^^^^^^^^^^^^^^^^^^^^^^^^
  File "/Library/Frameworks/Python.framework/Versions/3.11/lib/python3.11/importlib/__init__.py", line 126, in import_module
    return _bootstrap._gcd_import(name[level:], package, level)
           ^^^^^^^^^^^^^^^^^^^^^^^^^^^^^^^^^^^^^^^^^^^^^^^^^^^^
  File "<frozen importlib._bootstrap>", line 1204, in _gcd_import
  File "<frozen importlib._bootstrap>", line 1176, in _find_and_load
  File "<frozen importlib._bootstrap>", line 1147, in _find_and_load_unlocked
  File "<frozen importlib._bootstrap>", line 690, in _load_unlocked
  File "<frozen importlib._bootstrap_external>", line 940, in exec_module
  File "<frozen importlib._bootstrap>", line 241, in _call_with_frames_removed
  File "/Users/ryancarmody/algoResearchs/dashboard/management/commands/grants_daily_sync.py", line 10, in <module>
    from bs4 import BeautifulSoup
ModuleNotFoundError: No module named 'bs4'
Write you secret message here
Traceback (most recent call last):
  File "/Users/ryancarmody/algoResearchs/manage.py", line 22, in <module>
    main()
  File "/Users/ryancarmody/algoResearchs/manage.py", line 18, in main
    execute_from_command_line(sys.argv)
  File "/Users/ryancarmody/algoResearchs/.venv/lib/python3.11/site-packages/django/core/management/__init__.py", line 442, in execute_from_command_line
    utility.execute()
  File "/Users/ryancarmody/algoResearchs/.venv/lib/python3.11/site-packages/django/core/management/__init__.py", line 436, in execute
    self.fetch_command(subcommand).run_from_argv(self.argv)
    ^^^^^^^^^^^^^^^^^^^^^^^^^^^^^^
  File "/Users/ryancarmody/algoResearchs/.venv/lib/python3.11/site-packages/django/core/management/__init__.py", line 275, in fetch_command
    klass = load_command_class(app_name, subcommand)
            ^^^^^^^^^^^^^^^^^^^^^^^^^^^^^^^^^^^^^^^^
  File "/Users/ryancarmody/algoResearchs/.venv/lib/python3.11/site-packages/django/core/management/__init__.py", line 48, in load_command_class
    module = import_module("%s.management.commands.%s" % (app_name, name))
             ^^^^^^^^^^^^^^^^^^^^^^^^^^^^^^^^^^^^^^^^^^^^^^^^^^^^^^^^^^^^^
  File "/Library/Frameworks/Python.framework/Versions/3.11/lib/python3.11/importlib/__init__.py", line 126, in import_module
    return _bootstrap._gcd_import(name[level:], package, level)
           ^^^^^^^^^^^^^^^^^^^^^^^^^^^^^^^^^^^^^^^^^^^^^^^^^^^^
  File "<frozen importlib._bootstrap>", line 1204, in _gcd_import
  File "<frozen importlib._bootstrap>", line 1176, in _find_and_load
  File "<frozen importlib._bootstrap>", line 1147, in _find_and_load_unlocked
  File "<frozen importlib._bootstrap>", line 690, in _load_unlocked
  File "<frozen importlib._bootstrap_external>", line 940, in exec_module
  File "<frozen importlib._bootstrap>", line 241, in _call_with_frames_removed
  File "/Users/ryancarmody/algoResearchs/dashboard/management/commands/grants_daily_sync.py", line 10, in <module>
    from bs4 import BeautifulSoup
ModuleNotFoundError: No module named 'bs4'
